<h1>note1</h1>

<ul>
  <li>
    <ul>
      <li>
        <p>todo 1</p>
      </li>

      <li>
        <p>todo 2</p>
      </li>

      <li>
        <p>bullet 1</p>
      </li>

      <li>
        <p>bullet 2</p>
      </li>

      <li>
        <p>todo 3</p>
      </li>
    </ul>
  </li>
</ul>
